af:2
